// Jest Snapshot v1, https://goo.gl/fbAQLP

exports[`NovaCalendar.vue Calendar should support locale 1`] = `
<div class="nova-calendar">
  <div class="nova-calendar-months">
    <div class="nova-calendar-month">
      <div class="nova-calendar-header">
        <div class="nova-calendar-weeks">
          <div class="nova-calendar-week nova-calendar-sun">
            日
          </div>
          <div class="nova-calendar-week nova-calendar-mon">
            一
          </div>
          <div class="nova-calendar-week nova-calendar-tue">
            二
          </div>
          <div class="nova-calendar-week nova-calendar-wed">
            三
          </div>
          <div class="nova-calendar-week nova-calendar-thu">
            四
          </div>
          <div class="nova-calendar-week nova-calendar-fri">
            五
          </div>
          <div class="nova-calendar-week nova-calendar-sat">
            六
          </div>
        </div>
      </div>
      <div class="nova-calendar-content">
        <div class="nova-calendar-dates">
          <div class="nova-calendar-date is-prev">
            <div class="nova-calendar-date-number">
              26
            </div>
          </div>
          <div class="nova-calendar-date is-prev">
            <div class="nova-calendar-date-number">
              27
            </div>
          </div>
          <div class="nova-calendar-date is-prev">
            <div class="nova-calendar-date-number">
              28
            </div>
          </div>
          <div class="nova-calendar-date is-prev">
            <div class="nova-calendar-date-number">
              29
            </div>
          </div>
          <div class="nova-calendar-date is-prev">
            <div class="nova-calendar-date-number">
              30
            </div>
          </div>
          <div class="nova-calendar-date is-prev">
            <div class="nova-calendar-date-number">
              31
            </div>
          </div>
          <div class="nova-calendar-date">
            <div class="nova-calendar-date-number">
              1
            </div>
          </div>
          <div class="nova-calendar-date">
            <div class="nova-calendar-date-number">
              2
            </div>
          </div>
          <div class="nova-calendar-date">
            <div class="nova-calendar-date-number">
              3
            </div>
          </div>
          <div class="nova-calendar-date">
            <div class="nova-calendar-date-number">
              4
            </div>
          </div>
          <div class="nova-calendar-date">
            <div class="nova-calendar-date-number">
              5
            </div>
          </div>
          <div class="nova-calendar-date">
            <div class="nova-calendar-date-number">
              6
            </div>
          </div>
          <div class="nova-calendar-date">
            <div class="nova-calendar-date-number">
              7
            </div>
          </div>
          <div class="nova-calendar-date">
            <div class="nova-calendar-date-number">
              8
            </div>
          </div>
          <div class="nova-calendar-date">
            <div class="nova-calendar-date-number">
              9
            </div>
          </div>
          <div class="nova-calendar-date">
            <div class="nova-calendar-date-number">
              10
            </div>
          </div>
          <div class="nova-calendar-date">
            <div class="nova-calendar-date-number">
              11
            </div>
          </div>
          <div class="nova-calendar-date">
            <div class="nova-calendar-date-number">
              12
            </div>
          </div>
          <div class="nova-calendar-date">
            <div class="nova-calendar-date-number">
              13
            </div>
          </div>
          <div class="nova-calendar-date">
            <div class="nova-calendar-date-number">
              14
            </div>
          </div>
          <div class="nova-calendar-date">
            <div class="nova-calendar-date-number">
              15
            </div>
          </div>
          <div class="nova-calendar-date">
            <div class="nova-calendar-date-number">
              16
            </div>
          </div>
          <div class="nova-calendar-date">
            <div class="nova-calendar-date-number">
              17
            </div>
          </div>
          <div class="nova-calendar-date">
            <div class="nova-calendar-date-number">
              18
            </div>
          </div>
          <div class="nova-calendar-date">
            <div class="nova-calendar-date-number">
              19
            </div>
          </div>
          <div class="nova-calendar-date">
            <div class="nova-calendar-date-number">
              20
            </div>
          </div>
          <div class="nova-calendar-date">
            <div class="nova-calendar-date-number">
              21
            </div>
          </div>
          <div class="nova-calendar-date">
            <div class="nova-calendar-date-number">
              22
            </div>
          </div>
          <div class="nova-calendar-date">
            <div class="nova-calendar-date-number">
              23
            </div>
          </div>
          <div class="nova-calendar-date">
            <div class="nova-calendar-date-number">
              24
            </div>
          </div>
          <div class="nova-calendar-date">
            <div class="nova-calendar-date-number">
              25
            </div>
          </div>
          <div class="nova-calendar-date">
            <div class="nova-calendar-date-number">
              26
            </div>
          </div>
          <div class="nova-calendar-date">
            <div class="nova-calendar-date-number">
              27
            </div>
          </div>
          <div class="nova-calendar-date">
            <div class="nova-calendar-date-number">
              28
            </div>
          </div>
          <div class="nova-calendar-date">
            <div class="nova-calendar-date-number">
              29
            </div>
          </div>
          <div class="nova-calendar-date">
            <div class="nova-calendar-date-number">
              30
            </div>
          </div>
          <div class="nova-calendar-date">
            <div class="nova-calendar-date-number">
              31
            </div>
          </div>
          <div class="nova-calendar-date is-next">
            <div class="nova-calendar-date-number">
              1
            </div>
          </div>
          <div class="nova-calendar-date is-next">
            <div class="nova-calendar-date-number">
              2
            </div>
          </div>
          <div class="nova-calendar-date is-next">
            <div class="nova-calendar-date-number">
              3
            </div>
          </div>
          <div class="nova-calendar-date is-next">
            <div class="nova-calendar-date-number">
              4
            </div>
          </div>
          <div class="nova-calendar-date is-next">
            <div class="nova-calendar-date-number">
              5
            </div>
          </div>
        </div>
      </div>
      <div class="nova-calendar-sidebar">
        <div title="上個月" class="nova-calendar-prev">
          上個月
        </div>
        <div class="nova-calendar-title"><span class="nova-calendar-title-support"></span> <span class="nova-calendar-title-text">2000年
1月</span></div>
        <div title="下個月" class="nova-calendar-next">
          下個月
        </div>
      </div>
    </div>
  </div>
</div>
`;
