// Jest Snapshot v1, https://goo.gl/fbAQLP

exports[`NovaRadio should render correctly 1`] = `
<div class="nova-radio customized">
  <div tabindex="0" class="nova-radio-input"></div>
  <div class="nova-radio-label"></div>
</div>
`;
